
> hirefilter@0.1.0 build
> next build

Γû▓ Next.js 16.1.3 (Turbopack)
- Environments: .env.local

  Creating an optimized production build ...
Γ£ô Compiled successfully in 42s
  Running TypeScript ...
  Collecting page data using 1 worker ...
  Generating static pages using 1 worker (0/41) ...
node.exe : ΓÜá 
Unsupported metadata 
colorScheme is 
configured in metadata 
export in /_not-found. 
Please move it to 
viewport export 
instead.
At C:\Program Files\nod
ejs\npm.ps1:29 char:3
+   & $NODE_EXE 
$NPM_CLI_JS $args
+   ~~~~~~~~~~~~~~~~~~~
~~~~~~~~~~
    + CategoryInfo     
         : NotSpecifi  
  ed: (ΓÜá Unsupport   
 ed...export instea    
d.:String) [], Rem    
oteException
    + FullyQualifiedEr 
   rorId : NativeComm  
  andError
 
Read more: https://next
js.org/docs/app/api-ref
erence/functions/genera
te-viewport
ΓÜá Unsupported 
metadata colorScheme 
is configured in 
metadata export in 
/admin/analytics. 
Please move it to 
viewport export 
instead.
Read more: https://next
js.org/docs/app/api-ref
erence/functions/genera
te-viewport
ΓÜá Unsupported 
metadata colorScheme 
is configured in 
metadata export in 
/admin/dashboard. 
Please move it to 
viewport export 
instead.
Read more: https://next
js.org/docs/app/api-ref
erence/functions/genera
te-viewport
ΓÜá Unsupported 
metadata colorScheme 
is configured in 
metadata export in 
/admin/jobs/create. 
Please move it to 
viewport export 
instead.
Read more: https://next
js.org/docs/app/api-ref
erence/functions/genera
te-viewport
ΓÜá Unsupported 
metadata colorScheme 
is configured in 
metadata export in 
/admin/jobs. Please 
move it to viewport 
export instead.
Read more: https://next
js.org/docs/app/api-ref
erence/functions/genera
te-viewport
ΓÜá Unsupported 
metadata colorScheme 
is configured in 
metadata export in 
/admin/messages. 
Please move it to 
viewport export 
instead.
Read more: https://next
js.org/docs/app/api-ref
erence/functions/genera
te-viewport
Γ¿» useSearchParams() 
should be wrapped in a 
suspense boundary at 
page 
"/admin/messages". 
Read more: https://next
js.org/docs/messages/mi
ssing-suspense-with-csr
-bailout
    at Q (D:\HireFilter
-candidate-wants\HireFi
lter-main\.next\server\
chunks\ssr\node_modules
_next_920e7746._.js:2:2
111)
    at o (D:\HireFilter
-candidate-wants\HireFi
lter-main\.next\server\
chunks\ssr\node_modules
_next_920e7746._.js:4:5
284)
    at r (D:\HireFilter
-candidate-wants\HireFi
lter-main\.next\server\
chunks\ssr\src_componen
ts_messaging_Standalone
Chat_jsx_6d8bd243._.js:
1:967)
    at an (D:\HireFilte
r-candidate-wants\HireF
ilter-main\node_modules
\next\dist\compiled\nex
t-server\app-page-turbo
.runtime.prod.js:2:8436
0)
    at ai (D:\HireFilte
r-candidate-wants\HireF
ilter-main\node_modules
\next\dist\compiled\nex
t-server\app-page-turbo
.runtime.prod.js:2:8617
9)
    at al (D:\HireFilte
r-candidate-wants\HireF
ilter-main\node_modules
\next\dist\compiled\nex
t-server\app-page-turbo
.runtime.prod.js:2:1079
53)
    at as (D:\HireFilte
r-candidate-wants\HireF
ilter-main\node_modules
\next\dist\compiled\nex
t-server\app-page-turbo
.runtime.prod.js:2:1053
68)
    at am (D:\HireFilte
r-candidate-wants\HireF
ilter-main\node_modules
\next\dist\compiled\nex
t-server\app-page-turbo
.runtime.prod.js:2:1128
82)
    at au (D:\HireFilte
r-candidate-wants\HireF
ilter-main\node_modules
\next\dist\compiled\nex
t-server\app-page-turbo
.runtime.prod.js:2:1099
85)
    at al (D:\HireFilte
r-candidate-wants\HireF
ilter-main\node_modules
\next\dist\compiled\nex
t-server\app-page-turbo
.runtime.prod.js:2:1082
31)
Error occurred 
prerendering page 
"/admin/messages". 
Read more: https://next
js.org/docs/messages/pr
erender-error
Export encountered an 
error on 
/admin/messages/page: 
/admin/messages, 
exiting the build.
Γ¿» Next.js build 
worker exited with 
code: 1 and signal: 
null
